../Drivers/CMSIS/Include/core_cm4.h:2064:26:ITM_SendChar	16	static,ignoring_inline_asm
../Core/Src/main.c:111:5:main	8	static
../Core/Src/main.c:201:6:SystemClock_Config	88	static
../Core/Src/main.c:247:13:MX_I2C1_Init	8	static
../Core/Src/main.c:281:13:MX_SPI1_Init	8	static
../Core/Src/main.c:319:13:MX_USART2_UART_Init	8	static
../Core/Src/main.c:352:13:MX_GPIO_Init	56	static
../Core/Src/main.c:484:5:_write	32	static
../Core/Src/main.c:502:6:WeightReadTask01	32	static
../Core/Src/main.c:555:6:SendWeightDisplay01	24	static
../Core/Src/main.c:580:6:Error_Handler	4	static,ignoring_inline_asm
