../Drivers/CMSIS/Include/core_cm4.h:2064:26:ITM_SendChar	16	static,ignoring_inline_asm
../Core/Src/main.c:106:6:Send_RTC_To_Nextion	80	static
../Core/Src/main.c:144:5:main	8	static
../Core/Src/main.c:238:6:SystemClock_Config	88	static
../Core/Src/main.c:285:13:MX_RTC_Init	8	static
../Core/Src/main.c:320:13:MX_USART2_UART_Init	8	static
../Core/Src/main.c:353:13:MX_GPIO_Init	48	static
../Core/Src/main.c:421:5:_write	32	static
../Core/Src/main.c:439:6:WeightReadTask01	16	static
../Core/Src/main.c:461:6:SendWeightDisplay01	16	static
../Core/Src/main.c:482:6:RTC_Taks01	40	static
../Core/Src/main.c:512:6:Error_Handler	4	static,ignoring_inline_asm
